RAM Allocation [bytes]
Variable                                                                          Address   Size
------------------------------------------------------------------------------------------------
password                                                                          0x02FF       5
cur                                                                               0x0304       5
_base_y                                                                           0x0309       4
_lcd_x                                                                            0x030D       1
_lcd_y                                                                            0x030E       1
_lcd_maxx                                                                         0x030F       1
_seed                                                                             0x0310       4

EEPROM Allocation [bytes]
Variable                                                                          Address   Size
------------------------------------------------------------------------------------------------

Register Allocation
Variable                                                                          Register  Size
------------------------------------------------------------------------------------------------
totall                                                                            R4,R5        2
cnt                                                                               R6,R7        2
sw                                                                                R8,R9        2
pw                                                                                R10,R11      2
lk                                                                                R12,R13      2

FLASH Allocation [words]
Function                                                                          Address   Size
------------------------------------------------------------------------------------------------
check_pass                                                                        0x000EA     31
set_pass                                                                          0x00109     67
ext_int2_isr                                                                      0x0014C    267
main                                                                              0x00257     35
_lcd_write_nibble_G100                                                            0x0027A     20
_lcd_write_data                                                                   0x0028E     12
lcd_gotoxy                                                                        0x0029A     17
lcd_clear                                                                         0x002AB     14
lcd_putchar                                                                       0x002B9     32
lcd_puts                                                                          0x002D9     17
lcd_init                                                                          0x002EA     46
idle                                                                              0x00318      8
